// Jest Snapshot v1, https://goo.gl/fbAQLP

exports[`App component renders App 1`] = `
<DocumentFragment>
  <button
    data-testid="undo"
  >
    undo
  </button>
  <button
    data-testid="redo"
  >
    redo
  </button>
  <label
    for="color-picker"
  >
    color-picker
  </label>
  <input
    id="color-picker"
    type="color"
    value="#b2ff66"
  />
  <div
    data-testid="color-box"
    style="background-color: rgb(178, 255, 102); width: 10rem; height: 10rem;"
  />
</DocumentFragment>
`;
